Diagnose log at 2026-03-15T10:44:06Z

AppPath: C:\Program Files\Git\mingw64\bin\git-credential-manager.exe
InstallDir: C:\Program Files\Git\mingw64\bin\
Version: 2.6.1+786ab03440ddc82e807a97c0e540f5247e44cec6

------------
Diagnostic: Environment
Skipped: False
Success: True
Exception: None
Log:
OSType: Windows
OSVersion: 10.0 (build 19045)
Reading environment variables... OK
 Variables:
HOMEPATH=\Users\Admin
DriverData=C:\Windows\System32\Drivers\DriverData
COMPUTERNAME=DESKTOP-JON31IA
GIT_TRACE2_PARENT_SID=0654779e-1e8e-45c5-83a4-097df9fba358
CommonProgramFiles(x86)=C:\Program Files (x86)\Common Files
OneDrive=C:\Users\Admin\OneDrive
PYTHON_BASIC_REPL=1
BUNDLED_DEBUGPY_PATH=c:\Users\Admin\.antigravity\extensions\ms-python.debugpy-2025.18.0-win32-x64\bundled\libs\debugpy
LANG=en_US.UTF-8
VSCODE_PYTHON_AUTOACTIVATE_GUARD=1
HOME=C:\Users\Admin
PROCESSOR_REVISION=8e0a
PYDEVD_DISABLE_FILE_VALIDATION=1
PATHEXT=.COM;.EXE;.BAT;.CMD;.VBS;.VBE;.JS;.JSE;.WSF;.WSH;.MSC;.CPL
VSCODE_JDWP_ADAPTER_ENDPOINTS=c:\Users\Admin\.antigravity\extensions\vscjava.vscode-java-debug-0.58.5-universal\.noConfigDebugAdapterEndpoints\endpoint-c8c62e086d094bdd.txt
TMP=C:\Users\Admin\AppData\Local\Temp
TEMP=C:\Users\Admin\AppData\Local\Temp
LOCALAPPDATA=C:\Users\Admin\AppData\Local
MSYSTEM=MINGW64
TERM=xterm-256color
COLORTERM=truecolor
PYTHONSTARTUP=c:\Users\Admin\AppData\Roaming\Antigravity\User\workspaceStorage\6730bf2244123df522404cb5b373fa33\ms-python.python\pythonrc.py
USERDOMAIN=DESKTOP-JON31IA
ProgramFiles(x86)=C:\Program Files (x86)
Path=C:/Program Files/Git/mingw64/libexec/git-core;C:\Program Files\Git\mingw64\bin;C:\Program Files\Git\usr\bin;C:\Users\Admin\bin;C:\Windows\system32;C:\Windows;C:\Windows\System32\Wbem;C:\Windows\System32\WindowsPowerShell\v1.0\;C:\Windows\System32\OpenSSH\;C:\Program Files\Intel\WiFi\bin\;C:\Program Files\Common Files\Intel\WirelessCommon\;C:\Program Files\nodejs\;C:\Program Files\Git\cmd;c:\Users\Admin\AppData\Local\Programs\cursor\resources\app\codeBin;C:\Users\Admin\AppData\Local\Programs\Python\Python313\Scripts\;C:\Users\Admin\AppData\Local\Programs\Python\Python313\;C:\Users\Admin\AppData\Local\Microsoft\WindowsApps;C:\Users\Admin\AppData\Local\Programs\Microsoft VS Code\bin;C:\Users\Admin\AppData\Roaming\npm;C:\Program Files (x86)\Nmap;C:\Users\Admin\AppData\Local\Programs\Kiro\bin;C:\Users\Admin\AppData\Local\Programs\Antigravity\bin;C:\Users\Admin\AppData\Local\Programs\cursor\resources\app\bin;c:\Users\Admin\.antigravity\extensions\ms-python.debugpy-2025.18.0-win32-x64\bundled\scripts\noConfigScripts
TERM_PROGRAM=vscode
PROCESSOR_LEVEL=6
PROCESSOR_IDENTIFIER=Intel64 Family 6 Model 142 Stepping 10, GenuineIntel
TMPDIR=C:\Users\Admin\AppData\Local\Temp
VSCODE_GIT_ASKPASS_EXTRA_ARGS=
TERM_PROGRAM_VERSION=1.107.0
GIT_ASKPASS=c:\Users\Admin\AppData\Local\Programs\Antigravity\resources\app\extensions\git\dist\askpass.sh
PSModulePath=C:\Users\Admin\OneDrive\Documents\WindowsPowerShell\Modules;C:\Program Files\WindowsPowerShell\Modules;C:\Windows\system32\WindowsPowerShell\v1.0\Modules
PUBLIC=C:\Users\Public
NUMBER_OF_PROCESSORS=8
CommonProgramFiles=C:\Program Files (x86)\Common Files
VSCODE_INJECTION=1
VSCODE_DEBUGPY_ADAPTER_ENDPOINTS=c:\Users\Admin\.antigravity\extensions\ms-python.debugpy-2025.18.0-win32-x64\.noConfigDebugAdapterEndpoints\endpoint-c8c62e086d094bdd.txt
VSCODE_GIT_IPC_HANDLE=\\.\pipe\vscode-git-97a173020b-sock
CHROME_CRASHPAD_PIPE_NAME=\\.\pipe\crashpad_12172_TKIXUCDFSOBQUPNB
VSCODE_GIT_ASKPASS_MAIN=c:\Users\Admin\AppData\Local\Programs\Antigravity\resources\app\extensions\git\dist\askpass-main.js
PAGER=cat
PLINK_PROTOCOL=ssh
ProgramData=C:\ProgramData
ProgramW6432=C:\Program Files
ProgramFiles=C:\Program Files (x86)
ANTIGRAVITY_CLI_ALIAS=agy
VSCODE_GIT_ASKPASS_NODE=C:\Users\Admin\AppData\Local\Programs\Antigravity\Antigravity.exe
SystemRoot=C:\Windows
SESSIONNAME=Console
ANTIGRAVITY_AGENT=1
CommonProgramW6432=C:\Program Files\Common Files
ZES_ENABLE_SYSMAN=1
LOGONSERVER=\\DESKTOP-JON31IA
GIT_EXEC_PATH=C:/Program Files/Git/mingw64/libexec/git-core
USERDOMAIN_ROAMINGPROFILE=DESKTOP-JON31IA
APPDATA=C:\Users\Admin\AppData\Roaming
HOMEDRIVE=C:
USERNAME=Admin
PROCESSOR_ARCHITEW6432=AMD64
PROCESSOR_ARCHITECTURE=x86
USERPROFILE=C:\Users\Admin
OS=Windows_NT
ComSpec=C:\Windows\system32\cmd.exe
SystemDrive=C:
windir=C:\Windows
OneDriveConsumer=C:\Users\Admin\OneDrive
ALLUSERSPROFILE=C:\ProgramData


------------
Diagnostic: File system
Skipped: False
Success: True
Exception: None
Log:
Temporary directory is 'C:\Users\Admin\AppData\Local\Temp\'...
Checking basic file I/O...
Writing to temporary file 'C:\Users\Admin\AppData\Local\Temp\c83749fb920d3e27f0c50989'... OK
Reading from temporary file 'C:\Users\Admin\AppData\Local\Temp\c83749fb920d3e27f0c50989'... OK
Deleting temporary file 'C:\Users\Admin\AppData\Local\Temp\c83749fb920d3e27f0c50989'... OK
Testing IFileSystem instance...
UserHomePath: C:\Users\Admin
UserDataDirectoryPath: C:\Users\Admin\.gcm
GetCurrentDirectory(): E:\notestore

------------
Diagnostic: Networking
Skipped: False
Success: True
Exception: None
Log:
Checking networking and HTTP stack...
Creating HTTP client... OK
IsNetworkAvailable: True
Sending HEAD request to http://example.com...Sending HEAD request to https://example.com... OK
 OK
Acquiring free TCP port... OK
Testing local HTTP loopback connections...
Creating new HTTP listener for http://localhost:54543/... OK
Waiting for loopback connection... OK
Writing response... OK
Waiting for response data... OK
Loopback connection data OK

------------
Diagnostic: Git
Skipped: False
Success: True
Exception: None
Log:
Getting Git version... OK
Git version is '2.52.0.windows.1'
Locating current repository...Git repository at 'E:/notestore/.git'
 OK
Listing all Git configuration... OK
Git configuration:
file:C:/Program Files/Git/etc/gitconfig	diff.astextplain.textconv=astextplain
file:C:/Program Files/Git/etc/gitconfig	filter.lfs.clean=git-lfs clean -- %f
file:C:/Program Files/Git/etc/gitconfig	filter.lfs.smudge=git-lfs smudge -- %f
file:C:/Program Files/Git/etc/gitconfig	filter.lfs.process=git-lfs filter-process
file:C:/Program Files/Git/etc/gitconfig	filter.lfs.required=true
file:C:/Program Files/Git/etc/gitconfig	http.sslbackend=schannel
file:C:/Program Files/Git/etc/gitconfig	core.autocrlf=true
file:C:/Program Files/Git/etc/gitconfig	core.fscache=true
file:C:/Program Files/Git/etc/gitconfig	core.symlinks=false
file:C:/Program Files/Git/etc/gitconfig	pull.rebase=false
file:C:/Program Files/Git/etc/gitconfig	credential.helper=manager
file:C:/Program Files/Git/etc/gitconfig	credential.https://dev.azure.com.usehttppath=true
file:C:/Program Files/Git/etc/gitconfig	init.defaultbranch=master
file:C:/Users/Admin/.gitconfig	user.email=nandanb449@gmail.com
file:C:/Users/Admin/.gitconfig	user.name=Nandan0402
file:C:/Users/Admin/.gitconfig	safe.directory=*
file:.git/config	core.repositoryformatversion=0
file:.git/config	core.filemode=false
file:.git/config	core.bare=false
file:.git/config	core.logallrefupdates=true
file:.git/config	core.symlinks=false
file:.git/config	core.ignorecase=true
file:.git/config	remote.origin.url=https://github.com/Docustore1/DocuStore-Application.git
file:.git/config	remote.origin.fetch=+refs/heads/*:refs/remotes/origin/*
file:.git/config	user.email=user@example.com
file:.git/config	user.name=User
file:.git/config	branch.main.remote=origin
file:.git/config	branch.main.merge=refs/heads/main
file:.git/config	branch.main.vscode-merge-base=origin/main


------------
Diagnostic: Credential storage
Skipped: False
Success: True
Exception: None
Log:
ICredentialStore instance is of type: CredentialStore
Writing test credential... OK
Reading test credential... OK
Deleting test credential... OK

------------
Diagnostic: Microsoft authentication (AAD/MSA)
Skipped: False
Success: True
Exception: None
Log:
Broker is not enabled.
Flow type is: Auto
Gathering MSAL token cache data... OK
CacheDirectory: C:\Users\Admin\AppData\Local\.IdentityService
CacheFileName: msal.cache
CacheFilePath: C:\Users\Admin\AppData\Local\.IdentityService\msal.cache
Creating cache helper... OK
Verifying MSAL token cache persistence... OK

------------
Diagnostic: GitHub API
Skipped: False
Success: True
Exception: None
Log:
Using 'https://github.com/' as API target.
Querying '/meta' endpoint... OK

